BL51 BANKED LINKER/LOCATER V6.22.2.0                                                    12/10/2020  17:02:20  PAGE 1


BL51 BANKED LINKER/LOCATER V6.22.2.0, INVOKED BY:
D:\KEIL-C51\KEIL\C51\BIN\BL51.EXE .\Objects\test.obj TO .\Objects\test PRINT (.\Listings\test.m51) RAMSIZE (256)


MEMORY MODEL: SMALL


INPUT MODULES INCLUDED:
  .\Objects\test.obj (TEST)
  D:\KEIL-C51\KEIL\C51\LIB\C51S.LIB (?C_STARTUP)
  D:\KEIL-C51\KEIL\C51\LIB\C51S.LIB (?C_INIT)


LINK MAP OF MODULE:  .\Objects\test (TEST)


            TYPE    BASE      LENGTH    RELOCATION   SEGMENT NAME
            -----------------------------------------------------

            * * * * * * *   D A T A   M E M O R Y   * * * * * * *
            REG     0000H     0008H     ABSOLUTE     "REG BANK 0"
            DATA    0008H     0003H     UNIT         ?DT?TEST
            IDATA   000BH     0001H     UNIT         ?STACK

            * * * * * * *   C O D E   M E M O R Y   * * * * * * *
            CODE    0000H     0003H     ABSOLUTE     
            CODE    0003H     008CH     UNIT         ?C_C51STARTUP
            CODE    008FH     000EH     UNIT         ?PR?DELAY1000MS?TEST
            CODE    009DH     000EH     UNIT         ?PR?MAIN?TEST
            CODE    00ABH     000BH     UNIT         ?PR?_DELAY?TEST
            CODE    00B6H     0008H     UNIT         ?C_INITSEG



OVERLAY MAP OF MODULE:   .\Objects\test (TEST)


SEGMENT
  +--> CALLED SEGMENT
---------------------
?C_C51STARTUP
  +--> ?PR?MAIN?TEST
  +--> ?C_INITSEG

?PR?MAIN?TEST
  +--> ?PR?_DELAY?TEST
  +--> ?PR?DELAY1000MS?TEST



SYMBOL TABLE OF MODULE:  .\Objects\test (TEST)

  VALUE           TYPE          NAME
  ----------------------------------

  -------         MODULE        TEST
  C:0000H         SYMBOL        _ICE_DUMMY_
  D:0090H         PUBLIC        P1
BL51 BANKED LINKER/LOCATER V6.22.2.0                                                  12/10/2020  17:02:20  PAGE 2


  D:00B0H         PUBLIC        P3
  D:00A8H         PUBLIC        IE
  C:00ABH         PUBLIC        _delay
  C:008FH         PUBLIC        Delay1000ms
  D:00B8H         PUBLIC        IP
  B:0090H.7       PUBLIC        beep
  D:0008H         PUBLIC        score
  C:009DH         PUBLIC        main
  D:0098H         PUBLIC        SCON
  D:0088H         PUBLIC        TCON
  D:00C8H         PUBLIC        T2CON
  D:0009H         PUBLIC        n
  D:00D0H         PUBLIC        PSW
  -------         PROC          DELAY1000MS
  -------         DO            
  D:0007H         SYMBOL        i
  D:0006H         SYMBOL        j
  D:0005H         SYMBOL        k
  -------         ENDDO         
  C:008FH         LINE#         12
  C:008FH         LINE#         13
  C:008FH         LINE#         16
  C:0090H         LINE#         17
  C:0092H         LINE#         18
  C:0094H         LINE#         19
  C:0096H         LINE#         21
  C:0096H         LINE#         23
  C:0096H         LINE#         24
  C:0098H         LINE#         25
  C:009AH         LINE#         26
  C:009CH         LINE#         27
  -------         ENDPROC       DELAY1000MS
  -------         PROC          _DELAY
  D:0006H         SYMBOL        i
  C:00ABH         LINE#         29
  C:00ABH         LINE#         30
  C:00ABH         LINE#         31
  C:00B5H         LINE#         32
  -------         ENDPROC       _DELAY
  -------         PROC          MAIN
  C:009DH         LINE#         34
  C:009DH         LINE#         35
  C:009DH         LINE#         36
  C:009FH         LINE#         37
  C:00A6H         LINE#         38
  C:00A8H         LINE#         39
  -------         ENDPROC       MAIN
  -------         ENDMOD        TEST

Program Size: data=12.0 xdata=0 code=190
LINK/LOCATE RUN COMPLETE.  0 WARNING(S),  0 ERROR(S)
