BL51 BANKED LINKER/LOCATER V6.22.2.0                                                    10/05/2020  17:16:37  PAGE 1


BL51 BANKED LINKER/LOCATER V6.22.2.0, INVOKED BY:
D:\KEIL-C51\KEIL\C51\BIN\BL51.EXE .\Objects\test.obj TO .\Objects\test PRINT (.\Listings\test.m51) RAMSIZE (256)


MEMORY MODEL: SMALL


INPUT MODULES INCLUDED:
  .\Objects\test.obj (TEST)
  D:\KEIL-C51\KEIL\C51\LIB\C51S.LIB (?C_STARTUP)


LINK MAP OF MODULE:  .\Objects\test (TEST)


            TYPE    BASE      LENGTH    RELOCATION   SEGMENT NAME
            -----------------------------------------------------

            * * * * * * *   D A T A   M E M O R Y   * * * * * * *
            REG     0000H     0008H     ABSOLUTE     "REG BANK 0"
            DATA    0008H     0004H     UNIT         ?DT?TEST
            IDATA   000CH     0001H     UNIT         ?STACK

            * * * * * * *   C O D E   M E M O R Y   * * * * * * *
            CODE    0000H     0003H     ABSOLUTE     
            CODE    0003H     0003H     ABSOLUTE     
            CODE    0006H     000CH     UNIT         ?C_C51STARTUP
                    0012H     0001H                  *** GAP ***
            CODE    0013H     0003H     ABSOLUTE     
            CODE    0016H     007BH     UNIT         ?PR?INT1?TEST
            CODE    0091H     0045H     UNIT         ?PR?INT0?TEST
            CODE    00D6H     0011H     UNIT         ?PR?_DELAY?TEST
            CODE    00E7H     0011H     UNIT         ?PR?MAIN?TEST
            CODE    00F8H     0005H     UNIT         ?PR?INTINIT0?TEST
            CODE    00FDH     0005H     UNIT         ?PR?INTINIT1?TEST



OVERLAY MAP OF MODULE:   .\Objects\test (TEST)


SEGMENT
  +--> CALLED SEGMENT
---------------------
?PR?INT0?TEST
  +--> ?PR?_DELAY?TEST

*** NEW ROOT ***************************************************

?PR?INT1?TEST
  +--> ?PR?_DELAY?TEST

*** NEW ROOT ***************************************************

?C_C51STARTUP
  +--> ?PR?MAIN?TEST

?PR?MAIN?TEST
BL51 BANKED LINKER/LOCATER V6.22.2.0                                                  10/05/2020  17:16:37  PAGE 2


  +--> ?PR?INTINIT0?TEST
  +--> ?PR?INTINIT1?TEST



SYMBOL TABLE OF MODULE:  .\Objects\test (TEST)

  VALUE           TYPE          NAME
  ----------------------------------

  -------         MODULE        TEST
  C:0000H         SYMBOL        _ICE_DUMMY_
  D:0090H         PUBLIC        P1
  D:00A0H         PUBLIC        P2
  D:00B0H         PUBLIC        P3
  B:00A8H.7       PUBLIC        EA
  D:00A8H         PUBLIC        IE
  C:00DCH         PUBLIC        _delay
  D:00B8H         PUBLIC        IP
  B:00B0H.2       PUBLIC        k3
  B:00B0H.3       PUBLIC        k4
  C:00E7H         PUBLIC        main
  D:0098H         PUBLIC        SCON
  D:0088H         PUBLIC        TCON
  B:00A8H.0       PUBLIC        EX0
  B:0088H.0       PUBLIC        IT0
  B:00A8H.2       PUBLIC        EX1
  B:0088H.2       PUBLIC        IT1
  C:0091H         PUBLIC        Int0
  C:0016H         PUBLIC        Int1
  B:00A0H.0       PUBLIC        led0
  B:00A0H.7       PUBLIC        led1
  D:00C8H         PUBLIC        T2CON
  D:0008H         PUBLIC        i
  D:000AH         PUBLIC        j
  C:00F8H         PUBLIC        IntInit0
  C:00FDH         PUBLIC        IntInit1
  D:00D0H         PUBLIC        PSW
  C:00D8H         SYMBOL        L?0033
  -------         PROC          L?0032
  -------         ENDPROC       L?0032
  C:00D8H         SYMBOL        L?0033
  -------         PROC          _DELAY
  D:0006H         SYMBOL        i
  C:00DCH         LINE#         20
  C:00DCH         LINE#         21
  C:00DCH         LINE#         22
  C:00E6H         LINE#         23
  -------         ENDPROC       _DELAY
  -------         PROC          INTINIT0
  C:00F8H         LINE#         25
  C:00F8H         LINE#         26
  C:00F8H         LINE#         29
  C:00FAH         LINE#         30
  C:00FCH         LINE#         31
  -------         ENDPROC       INTINIT0
  -------         PROC          INTINIT1
BL51 BANKED LINKER/LOCATER V6.22.2.0                                                  10/05/2020  17:16:37  PAGE 3


  C:00FDH         LINE#         33
  C:00FDH         LINE#         34
  C:00FDH         LINE#         35
  C:00FFH         LINE#         36
  C:0101H         LINE#         37
  -------         ENDPROC       INTINIT1
  -------         PROC          MAIN
  C:00E7H         LINE#         39
  C:00E7H         LINE#         40
  C:00E7H         LINE#         41
  C:00EAH         LINE#         42
  C:00ECH         LINE#         43
  C:00EFH         LINE#         44
  C:00F2H         LINE#         45
  C:00F4H         LINE#         46
  C:00F6H         LINE#         47
  -------         ENDPROC       MAIN
  -------         PROC          INT0
  C:0091H         LINE#         50
  C:009EH         LINE#         52
  C:00A1H         LINE#         53
  C:00A1H         LINE#         54
  C:00A8H         LINE#         55
  C:00ABH         LINE#         56
  C:00ADH         LINE#         58
  C:00B3H         LINE#         59
  C:00B3H         LINE#         60
  C:00B3H         LINE#         61
  C:00B6H         LINE#         62
  C:00C7H         LINE#         63
  C:00C9H         LINE#         64
  C:00CBH         LINE#         65
  C:00CBH         LINE#         66
  -------         ENDPROC       INT0
  -------         PROC          INT1
  -------         DO            
  D:0002H         SYMBOL        K_3
  -------         ENDDO         
  C:0016H         LINE#         68
  C:0027H         LINE#         70
  C:002AH         LINE#         71
  C:002DH         LINE#         72
  C:002DH         LINE#         73
  C:0034H         LINE#         74
  C:0037H         LINE#         75
  C:0039H         LINE#         76
  C:003FH         LINE#         77
  C:003FH         LINE#         78
  C:0042H         LINE#         79
  C:0042H         LINE#         80
  C:0046H         LINE#         81
  C:0046H         LINE#         82
  C:0048H         LINE#         83
  C:004BH         LINE#         84
  C:005CH         LINE#         85
  C:005EH         LINE#         86
  C:0060H         LINE#         87
BL51 BANKED LINKER/LOCATER V6.22.2.0                                                  10/05/2020  17:16:37  PAGE 4


  C:0064H         LINE#         88
  C:0064H         LINE#         89
  C:0066H         LINE#         91
  C:006AH         LINE#         92
  C:006AH         LINE#         93
  C:006AH         LINE#         94
  C:006DH         LINE#         95
  C:007EH         LINE#         96
  C:0080H         LINE#         97
  C:0082H         LINE#         98
  C:0082H         LINE#         99
  C:0082H         LINE#         100
  -------         ENDPROC       INT1
  -------         ENDMOD        TEST

Program Size: data=13.0 xdata=0 code=257
LINK/LOCATE RUN COMPLETE.  0 WARNING(S),  0 ERROR(S)
