BL51 BANKED LINKER/LOCATER V6.22.2.0                                                    10/14/2020  11:03:30  PAGE 1


BL51 BANKED LINKER/LOCATER V6.22.2.0, INVOKED BY:
D:\KEIL-C51\KEIL\C51\BIN\BL51.EXE .\Objects\test.obj TO .\Objects\test PRINT (.\Listings\test.m51) RAMSIZE (256)


MEMORY MODEL: SMALL


INPUT MODULES INCLUDED:
  .\Objects\test.obj (TEST)
  D:\KEIL-C51\KEIL\C51\LIB\C51S.LIB (?C_STARTUP)


LINK MAP OF MODULE:  .\Objects\test (TEST)


            TYPE    BASE      LENGTH    RELOCATION   SEGMENT NAME
            -----------------------------------------------------

            * * * * * * *   D A T A   M E M O R Y   * * * * * * *
            REG     0000H     0008H     ABSOLUTE     "REG BANK 0"
            DATA    0008H     0004H     UNIT         ?DT?TEST
            IDATA   000CH     0001H     UNIT         ?STACK

            * * * * * * *   C O D E   M E M O R Y   * * * * * * *
            CODE    0000H     0003H     ABSOLUTE     
            CODE    0003H     0003H     ABSOLUTE     
            CODE    0006H     000CH     UNIT         ?C_C51STARTUP
                    0012H     0001H                  *** GAP ***
            CODE    0013H     0003H     ABSOLUTE     
            CODE    0016H     007EH     UNIT         ?PR?INT1?TEST
            CODE    0094H     0045H     UNIT         ?PR?INT0?TEST
            CODE    00D9H     0011H     UNIT         ?PR?_DELAY?TEST
            CODE    00EAH     0011H     UNIT         ?PR?MAIN?TEST
            CODE    00FBH     0005H     UNIT         ?PR?INTINIT0?TEST
            CODE    0100H     0005H     UNIT         ?PR?INTINIT1?TEST



OVERLAY MAP OF MODULE:   .\Objects\test (TEST)


SEGMENT
  +--> CALLED SEGMENT
---------------------
?PR?INT0?TEST
  +--> ?PR?_DELAY?TEST

*** NEW ROOT ***************************************************

?PR?INT1?TEST
  +--> ?PR?_DELAY?TEST

*** NEW ROOT ***************************************************

?C_C51STARTUP
  +--> ?PR?MAIN?TEST

?PR?MAIN?TEST
BL51 BANKED LINKER/LOCATER V6.22.2.0                                                  10/14/2020  11:03:30  PAGE 2


  +--> ?PR?INTINIT0?TEST
  +--> ?PR?INTINIT1?TEST



SYMBOL TABLE OF MODULE:  .\Objects\test (TEST)

  VALUE           TYPE          NAME
  ----------------------------------

  -------         MODULE        TEST
  C:0000H         SYMBOL        _ICE_DUMMY_
  D:0090H         PUBLIC        P1
  D:00A0H         PUBLIC        P2
  D:00B0H         PUBLIC        P3
  B:00A8H.7       PUBLIC        EA
  D:00A8H         PUBLIC        IE
  C:00DFH         PUBLIC        _delay
  D:00B8H         PUBLIC        IP
  B:00B0H.2       PUBLIC        k3
  B:00B0H.3       PUBLIC        k4
  C:00EAH         PUBLIC        main
  D:0098H         PUBLIC        SCON
  D:0088H         PUBLIC        TCON
  B:00A8H.0       PUBLIC        EX0
  B:0088H.0       PUBLIC        IT0
  B:00A8H.2       PUBLIC        EX1
  B:0088H.2       PUBLIC        IT1
  C:0094H         PUBLIC        Int0
  C:0016H         PUBLIC        Int1
  B:00A0H.0       PUBLIC        led0
  B:00A0H.7       PUBLIC        led1
  D:00C8H         PUBLIC        T2CON
  D:0008H         PUBLIC        i
  D:000AH         PUBLIC        j
  C:00FBH         PUBLIC        IntInit0
  C:0100H         PUBLIC        IntInit1
  D:00D0H         PUBLIC        PSW
  C:00DBH         SYMBOL        L?0036
  -------         PROC          L?0035
  -------         ENDPROC       L?0035
  C:00DBH         SYMBOL        L?0036
  -------         PROC          _DELAY
  D:0006H         SYMBOL        i
  C:00DFH         LINE#         20
  C:00DFH         LINE#         21
  C:00DFH         LINE#         22
  C:00E9H         LINE#         23
  -------         ENDPROC       _DELAY
  -------         PROC          INTINIT0
  C:00FBH         LINE#         25
  C:00FBH         LINE#         26
  C:00FBH         LINE#         29
  C:00FDH         LINE#         30
  C:00FFH         LINE#         31
  -------         ENDPROC       INTINIT0
  -------         PROC          INTINIT1
BL51 BANKED LINKER/LOCATER V6.22.2.0                                                  10/14/2020  11:03:30  PAGE 3


  C:0100H         LINE#         33
  C:0100H         LINE#         34
  C:0100H         LINE#         35
  C:0102H         LINE#         36
  C:0104H         LINE#         37
  -------         ENDPROC       INTINIT1
  -------         PROC          MAIN
  C:00EAH         LINE#         39
  C:00EAH         LINE#         40
  C:00EAH         LINE#         41
  C:00EDH         LINE#         42
  C:00EFH         LINE#         43
  C:00F2H         LINE#         44
  C:00F5H         LINE#         45
  C:00F7H         LINE#         46
  C:00F9H         LINE#         47
  -------         ENDPROC       MAIN
  -------         PROC          INT0
  C:0094H         LINE#         50
  C:00A1H         LINE#         52
  C:00A4H         LINE#         53
  C:00A4H         LINE#         54
  C:00ABH         LINE#         55
  C:00AEH         LINE#         56
  C:00B0H         LINE#         58
  C:00B6H         LINE#         59
  C:00B6H         LINE#         60
  C:00B6H         LINE#         61
  C:00B9H         LINE#         62
  C:00CAH         LINE#         63
  C:00CCH         LINE#         64
  C:00CEH         LINE#         65
  C:00CEH         LINE#         66
  -------         ENDPROC       INT0
  -------         PROC          INT1
  C:0016H         LINE#         68
  C:0023H         LINE#         70
  C:0026H         LINE#         71
  C:0026H         LINE#         72
  C:002DH         LINE#         73
  C:0030H         LINE#         74
  C:0032H         LINE#         75
  C:0038H         LINE#         76
  C:0038H         LINE#         77
  C:003AH         LINE#         78
  C:003DH         LINE#         79
  C:0040H         LINE#         80
  C:0040H         LINE#         81
  C:004BH         LINE#         82
  C:004BH         LINE#         83
  C:004DH         LINE#         84
  C:0050H         LINE#         85
  C:005AH         LINE#         86
  C:0060H         LINE#         87
  C:0060H         LINE#         88
  C:0060H         LINE#         89
  C:0063H         LINE#         90
BL51 BANKED LINKER/LOCATER V6.22.2.0                                                  10/14/2020  11:03:30  PAGE 4


  C:0074H         LINE#         91
  C:0074H         LINE#         92
  C:0085H         LINE#         94
  C:0087H         LINE#         95
  C:0089H         LINE#         96
  C:0089H         LINE#         97
  -------         ENDPROC       INT1
  -------         ENDMOD        TEST

Program Size: data=13.0 xdata=0 code=260
LINK/LOCATE RUN COMPLETE.  0 WARNING(S),  0 ERROR(S)
