BL51 BANKED LINKER/LOCATER V6.22.2.0                                                    10/17/2020  20:26:27  PAGE 1


BL51 BANKED LINKER/LOCATER V6.22.2.0, INVOKED BY:
D:\KEIL-C51\KEIL\C51\BIN\BL51.EXE main.obj, lcd.obj, ds1302.obj TO pro


MEMORY MODEL: SMALL


INPUT MODULES INCLUDED:
  main.obj (MAIN)
  lcd.obj (LCD)
  ds1302.obj (DS1302)
  D:\KEIL-C51\KEIL\C51\LIB\C51S.LIB (?C_STARTUP)
  D:\KEIL-C51\KEIL\C51\LIB\C51S.LIB (?C_INIT)


LINK MAP OF MODULE:  pro (MAIN)


            TYPE    BASE      LENGTH    RELOCATION   SEGMENT NAME
            -----------------------------------------------------

            * * * * * * *   D A T A   M E M O R Y   * * * * * * *
            REG     0000H     0008H     ABSOLUTE     "REG BANK 0"
            DATA    0008H     0013H     UNIT         ?DT?MAIN
            DATA    001BH     0007H     UNIT         ?DT?DS1302
            IDATA   0022H     0001H     UNIT         ?STACK

            * * * * * * *   C O D E   M E M O R Y   * * * * * * *
            CODE    0000H     0003H     ABSOLUTE     
            CODE    0003H     00B5H     UNIT         ?PR?MAIN?MAIN
            CODE    00B8H     00B5H     UNIT         ?PR?LCDDISPLAY?MAIN
            CODE    016DH     008CH     UNIT         ?C_C51STARTUP
            CODE    01F9H     0052H     UNIT         ?PR?READ_TIME?MAIN
            CODE    024BH     004AH     UNIT         ?PR?_DS1302READ?DS1302
            CODE    0295H     0035H     UNIT         ?PR?_DS1302WRITE?DS1302
            CODE    02CAH     002AH     UNIT         ?PR?_LCD1602_DELAY1MS?LCD
            CODE    02F4H     0023H     UNIT         ?PR?DS1302INIT?DS1302
            CODE    0317H     0019H     UNIT         ?PR?LCDINIT?LCD
            CODE    0330H     0017H     UNIT         ?C_INITSEG
            CODE    0347H     0016H     UNIT         ?PR?USARTINIT?MAIN
            CODE    035DH     0016H     UNIT         ?PR?DS1302READTIME?DS1302
            CODE    0373H     000EH     UNIT         ?CO?DS1302
            CODE    0381H     000BH     UNIT         ?PR?_SEND_CHAR?MAIN
            CODE    038CH     000AH     UNIT         ?PR?_LCDWRITECOM?LCD
            CODE    0396H     000AH     UNIT         ?PR?_LCDWRITEDATA?LCD
            CODE    03A0H     0009H     UNIT         ?PR?DELAY10MS?MAIN
            CODE    03A9H     0007H     UNIT         ?PR?INT0CONFIGURATION?MAIN



OVERLAY MAP OF MODULE:   pro (MAIN)


SEGMENT
  +--> CALLED SEGMENT
---------------------
?C_C51STARTUP
  +--> ?PR?MAIN?MAIN
BL51 BANKED LINKER/LOCATER V6.22.2.0                                                  10/17/2020  20:26:27  PAGE 2


  +--> ?C_INITSEG

?PR?MAIN?MAIN
  +--> ?PR?INT0CONFIGURATION?MAIN
  +--> ?PR?LCDINIT?LCD
  +--> ?PR?DS1302INIT?DS1302
  +--> ?PR?USARTINIT?MAIN
  +--> ?PR?READ_TIME?MAIN
  +--> ?PR?LCDDISPLAY?MAIN
  +--> ?PR?_SEND_CHAR?MAIN
  +--> ?PR?DELAY10MS?MAIN

?PR?LCDINIT?LCD
  +--> ?PR?_LCDWRITECOM?LCD

?PR?_LCDWRITECOM?LCD
  +--> ?PR?_LCD1602_DELAY1MS?LCD

?PR?DS1302INIT?DS1302
  +--> ?PR?_DS1302WRITE?DS1302
  +--> ?CO?DS1302

?PR?READ_TIME?MAIN
  +--> ?PR?DS1302READTIME?DS1302

?PR?DS1302READTIME?DS1302
  +--> ?CO?DS1302
  +--> ?PR?_DS1302READ?DS1302

?PR?LCDDISPLAY?MAIN
  +--> ?PR?_LCDWRITECOM?LCD
  +--> ?PR?_LCDWRITEDATA?LCD

?PR?_LCDWRITEDATA?LCD
  +--> ?PR?_LCD1602_DELAY1MS?LCD



SYMBOL TABLE OF MODULE:  pro (MAIN)

  VALUE           TYPE          NAME
  ----------------------------------

  -------         MODULE        MAIN
  C:0000H         SYMBOL        _ICE_DUMMY_
  D:0090H         PUBLIC        P1
  D:00A0H         PUBLIC        P2
  D:00B0H         PUBLIC        P3
  B:00A8H.7       PUBLIC        EA
  C:0384H         PUBLIC        _Send_char
  B:00A8H.4       PUBLIC        ES
  B:0098H.1       PUBLIC        TI
  C:0003H         PUBLIC        main
  C:0347H         PUBLIC        UsartInit
  C:01F9H         PUBLIC        read_time
  D:0099H         PUBLIC        SBUF
  D:0087H         PUBLIC        PCON
BL51 BANKED LINKER/LOCATER V6.22.2.0                                                  10/17/2020  20:26:27  PAGE 3


  D:0098H         PUBLIC        SCON
  C:03A0H         PUBLIC        Delay10ms
  D:0089H         PUBLIC        TMOD
  D:0008H         PUBLIC        sec_flag
  C:03A9H         PUBLIC        Int0Configuration
  B:00A8H.0       PUBLIC        EX0
  B:0088H.0       PUBLIC        IT0
  D:008DH         PUBLIC        TH1
  D:0009H         PUBLIC        readtime
  D:008BH         PUBLIC        TL1
  B:0088H.6       PUBLIC        TR1
  D:0017H         PUBLIC        sec_buf
  D:0018H         PUBLIC        a
  D:001AH         PUBLIC        m
  C:00B8H         PUBLIC        LcdDisplay
  -------         PROC          DELAY10MS
  -------         DO            
  D:0007H         SYMBOL        i
  D:0006H         SYMBOL        j
  -------         ENDDO         
  C:03A0H         LINE#         27
  C:03A0H         LINE#         28
  C:03A0H         LINE#         30
  C:03A2H         LINE#         31
  C:03A4H         LINE#         33
  C:03A4H         LINE#         34
  C:03A6H         LINE#         35
  C:03A8H         LINE#         36
  -------         ENDPROC       DELAY10MS
  -------         PROC          L?0020
  -------         ENDPROC       L?0020
  -------         PROC          _SEND_CHAR
  D:0007H         SYMBOL        T
  C:0384H         LINE#         38
  C:0384H         LINE#         39
  C:0384H         LINE#         40
  C:0386H         LINE#         41
  C:0389H         LINE#         42
  C:038BH         LINE#         43
  -------         ENDPROC       _SEND_CHAR
  -------         PROC          USARTINIT
  C:0347H         LINE#         45
  C:0347H         LINE#         46
  C:0347H         LINE#         48
  C:034AH         LINE#         49
  C:034DH         LINE#         50
  C:0350H         LINE#         51
  C:0353H         LINE#         52
  C:0356H         LINE#         53
  C:0358H         LINE#         54
  C:035AH         LINE#         55
  C:035CH         LINE#         56
  -------         ENDPROC       USARTINIT
  -------         PROC          MAIN
  C:0003H         LINE#         59
  C:0003H         LINE#         60
  C:0003H         LINE#         62
BL51 BANKED LINKER/LOCATER V6.22.2.0                                                  10/17/2020  20:26:27  PAGE 4


  C:0006H         LINE#         63
  C:0009H         LINE#         64
  C:000CH         LINE#         65
  C:000FH         LINE#         66
  C:000FH         LINE#         67
  C:000FH         LINE#         68
  C:0012H         LINE#         69
  C:0015H         LINE#         70
  C:001EH         LINE#         71
  C:001EH         LINE#         73
  C:0020H         LINE#         74
  C:0023H         LINE#         75
  C:0026H         LINE#         76
  C:002BH         LINE#         77
  C:0030H         LINE#         78
  C:0035H         LINE#         79
  C:003AH         LINE#         80
  C:003FH         LINE#         81
  C:0047H         LINE#         82
  C:004FH         LINE#         83
  C:0054H         LINE#         84
  C:005CH         LINE#         85
  C:0064H         LINE#         86
  C:0069H         LINE#         87
  C:0071H         LINE#         88
  C:0079H         LINE#         89
  C:007EH         LINE#         90
  C:0086H         LINE#         91
  C:008EH         LINE#         92
  C:0093H         LINE#         93
  C:009BH         LINE#         94
  C:00A3H         LINE#         95
  C:00A8H         LINE#         96
  C:00ABH         LINE#         97
  C:00AEH         LINE#         98
  C:00B0H         LINE#         99
  C:00B2H         LINE#         100
  C:00B2H         LINE#         101
  C:00B5H         LINE#         103
  -------         ENDPROC       MAIN
  -------         PROC          LCDDISPLAY
  C:00B8H         LINE#         108
  C:00B8H         LINE#         109
  C:00B8H         LINE#         110
  C:00BDH         LINE#         111
  C:00C8H         LINE#         112
  C:00D2H         LINE#         113
  C:00D7H         LINE#         114
  C:00E2H         LINE#         115
  C:00ECH         LINE#         116
  C:00F1H         LINE#         117
  C:00FCH         LINE#         118
  C:0106H         LINE#         120
  C:010BH         LINE#         121
  C:0110H         LINE#         122
  C:0115H         LINE#         123
  C:0120H         LINE#         124
BL51 BANKED LINKER/LOCATER V6.22.2.0                                                  10/17/2020  20:26:27  PAGE 5


  C:012AH         LINE#         125
  C:012FH         LINE#         126
  C:013AH         LINE#         127
  C:0144H         LINE#         128
  C:0149H         LINE#         129
  C:0154H         LINE#         130
  C:015EH         LINE#         131
  C:0163H         LINE#         132
  -------         ENDPROC       LCDDISPLAY
  -------         PROC          INT0CONFIGURATION
  C:03A9H         LINE#         136
  C:03A9H         LINE#         137
  C:03A9H         LINE#         139
  C:03ABH         LINE#         140
  C:03ADH         LINE#         141
  C:03AFH         LINE#         142
  -------         ENDPROC       INT0CONFIGURATION
  -------         PROC          READ_TIME
  C:01F9H         LINE#         154
  C:01F9H         LINE#         155
  C:01F9H         LINE#         156
  C:01FCH         LINE#         159
  C:0203H         LINE#         160
  C:0209H         LINE#         161
  C:0210H         LINE#         162
  C:0216H         LINE#         163
  C:021DH         LINE#         164
  C:0223H         LINE#         165
  C:022AH         LINE#         166
  C:0230H         LINE#         167
  C:0237H         LINE#         168
  C:023DH         LINE#         169
  C:0244H         LINE#         170
  C:024AH         LINE#         171
  -------         ENDPROC       READ_TIME
  -------         ENDMOD        MAIN

  -------         MODULE        LCD
  C:0000H         SYMBOL        _ICE_DUMMY_
  D:0080H         PUBLIC        P0
  D:00A0H         PUBLIC        P2
  C:0396H         PUBLIC        _LcdWriteData
  B:00A0H.6       PUBLIC        LCD1602_RS
  B:00A0H.5       PUBLIC        LCD1602_RW
  C:0317H         PUBLIC        LcdInit
  B:00A0H.7       PUBLIC        LCD1602_E
  C:038CH         PUBLIC        _LcdWriteCom
  C:02DBH         PUBLIC        _Lcd1602_Delay1ms
  -------         PROC          L?0015
  -------         ENDPROC       L?0015
  -------         PROC          _LCD1602_DELAY1MS
  D:0006H         SYMBOL        c
  -------         DO            
  D:0004H         SYMBOL        a
  D:0005H         SYMBOL        b
  -------         ENDDO         
  C:02DBH         LINE#         11
BL51 BANKED LINKER/LOCATER V6.22.2.0                                                  10/17/2020  20:26:27  PAGE 6


  C:02DBH         LINE#         12
  C:02DBH         LINE#         14
  C:02E4H         LINE#         15
  C:02E4H         LINE#         16
  C:02E6H         LINE#         17
  C:02E6H         LINE#         18
  C:02EAH         LINE#         19
  C:02ECH         LINE#         20
  C:02F3H         LINE#         21
  -------         ENDPROC       _LCD1602_DELAY1MS
  -------         PROC          _LCDWRITECOM
  D:0007H         SYMBOL        com
  C:038CH         LINE#         30
  C:038CH         LINE#         31
  C:038CH         LINE#         32
  C:038EH         LINE#         33
  C:0390H         LINE#         34
  C:0390H         LINE#         36
  C:0390H         LINE#         37
  C:0390H         LINE#         39
  C:0390H         LINE#         40
  C:0393H         LINE#         41
  C:0395H         LINE#         42
  -------         ENDPROC       _LCDWRITECOM
  -------         PROC          _LCDWRITEDATA
  D:0007H         SYMBOL        dat
  C:0396H         LINE#         73
  C:0396H         LINE#         74
  C:0396H         LINE#         75
  C:0398H         LINE#         76
  C:039AH         LINE#         77
  C:039AH         LINE#         79
  C:039AH         LINE#         80
  C:039AH         LINE#         82
  C:039AH         LINE#         83
  C:039DH         LINE#         84
  C:039FH         LINE#         85
  -------         ENDPROC       _LCDWRITEDATA
  -------         PROC          LCDINIT
  C:0317H         LINE#         115
  C:0317H         LINE#         116
  C:0317H         LINE#         117
  C:031CH         LINE#         118
  C:0321H         LINE#         119
  C:0326H         LINE#         120
  C:032BH         LINE#         121
  -------         ENDPROC       LCDINIT
  -------         ENDMOD        LCD

  -------         MODULE        DS1302
  C:0000H         SYMBOL        _ICE_DUMMY_
  D:00B0H         PUBLIC        P3
  C:0295H         PUBLIC        _Ds1302Write
  C:035DH         PUBLIC        Ds1302ReadTime
  C:02F4H         PUBLIC        Ds1302Init
  B:00B0H.6       PUBLIC        SCLK
  D:001BH         PUBLIC        TIME
BL51 BANKED LINKER/LOCATER V6.22.2.0                                                  10/17/2020  20:26:27  PAGE 7


  B:00B0H.4       PUBLIC        DSIO
  C:037AH         PUBLIC        WRITE_RTC_ADDR
  C:0373H         PUBLIC        READ_RTC_ADDR
  B:00B0H.5       PUBLIC        RST
  C:024BH         PUBLIC        _Ds1302Read
  -------         PROC          _DS1302WRITE
  D:0007H         SYMBOL        addr
  D:0005H         SYMBOL        dat
  -------         DO            
  D:0006H         SYMBOL        n
  -------         ENDDO         
  C:0295H         LINE#         19
  C:0295H         LINE#         20
  C:0295H         LINE#         22
  C:0297H         LINE#         23
  C:0298H         LINE#         25
  C:029AH         LINE#         26
  C:029BH         LINE#         27
  C:029DH         LINE#         28
  C:029EH         LINE#         30
  C:02A0H         LINE#         31
  C:02A0H         LINE#         32
  C:02A4H         LINE#         33
  C:02A8H         LINE#         34
  C:02AAH         LINE#         35
  C:02ABH         LINE#         36
  C:02ADH         LINE#         37
  C:02AEH         LINE#         38
  C:02B2H         LINE#         39
  C:02B4H         LINE#         40
  C:02B4H         LINE#         41
  C:02B8H         LINE#         42
  C:02BCH         LINE#         43
  C:02BEH         LINE#         44
  C:02BFH         LINE#         45
  C:02C1H         LINE#         46
  C:02C2H         LINE#         47
  C:02C6H         LINE#         49
  C:02C8H         LINE#         50
  C:02C9H         LINE#         51
  -------         ENDPROC       _DS1302WRITE
  -------         PROC          _DS1302READ
  D:0007H         SYMBOL        addr
  -------         DO            
  D:0005H         SYMBOL        n
  D:0006H         SYMBOL        dat
  D:0007H         SYMBOL        dat1
  -------         ENDDO         
  C:024BH         LINE#         60
  C:024BH         LINE#         61
  C:024BH         LINE#         63
  C:024DH         LINE#         64
  C:024EH         LINE#         66
  C:0250H         LINE#         67
  C:0251H         LINE#         68
  C:0253H         LINE#         69
  C:0254H         LINE#         71
BL51 BANKED LINKER/LOCATER V6.22.2.0                                                  10/17/2020  20:26:27  PAGE 8


  C:0256H         LINE#         72
  C:0256H         LINE#         73
  C:025AH         LINE#         74
  C:025EH         LINE#         75
  C:0260H         LINE#         76
  C:0261H         LINE#         77
  C:0263H         LINE#         78
  C:0264H         LINE#         79
  C:0268H         LINE#         80
  C:0269H         LINE#         81
  C:026BH         LINE#         82
  C:026BH         LINE#         83
  C:0270H         LINE#         84
  C:027CH         LINE#         85
  C:027EH         LINE#         86
  C:027FH         LINE#         87
  C:0281H         LINE#         88
  C:0282H         LINE#         89
  C:0286H         LINE#         91
  C:0288H         LINE#         92
  C:0289H         LINE#         93
  C:028BH         LINE#         94
  C:028CH         LINE#         95
  C:028EH         LINE#         96
  C:028FH         LINE#         97
  C:0291H         LINE#         98
  C:0292H         LINE#         99
  C:0294H         LINE#         100
  -------         ENDPROC       _DS1302READ
  -------         PROC          DS1302INIT
  -------         DO            
  D:0004H         SYMBOL        n
  -------         ENDDO         
  C:02F4H         LINE#         109
  C:02F4H         LINE#         110
  C:02F4H         LINE#         112
  C:02FBH         LINE#         113
  C:02FDH         LINE#         114
  C:02FDH         LINE#         115
  C:030CH         LINE#         116
  C:0310H         LINE#         117
  -------         ENDPROC       DS1302INIT
  -------         PROC          DS1302READTIME
  -------         DO            
  D:0003H         SYMBOL        n
  -------         ENDDO         
  C:035DH         LINE#         127
  C:035DH         LINE#         128
  C:035DH         LINE#         130
  C:035FH         LINE#         131
  C:035FH         LINE#         132
  C:036EH         LINE#         133
  C:0372H         LINE#         135
  -------         ENDPROC       DS1302READTIME
  -------         ENDMOD        DS1302

Program Size: data=35.0 xdata=0 code=944
BL51 BANKED LINKER/LOCATER V6.22.2.0                                                  10/17/2020  20:26:27  PAGE 9


LINK/LOCATE RUN COMPLETE.  0 WARNING(S),  0 ERROR(S)
