BL51 BANKED LINKER/LOCATER V6.22.2.0                                                    10/27/2020  18:38:29  PAGE 1


BL51 BANKED LINKER/LOCATER V6.22.2.0, INVOKED BY:
D:\KEIL-C51\KEIL\C51\BIN\BL51.EXE .\Objects\test.obj TO .\Objects\test PRINT (.\Listings\test.m51) RAMSIZE (256)


MEMORY MODEL: SMALL


INPUT MODULES INCLUDED:
  .\Objects\test.obj (TEST)
  D:\KEIL-C51\KEIL\C51\LIB\C51S.LIB (?C_STARTUP)


LINK MAP OF MODULE:  .\Objects\test (TEST)


            TYPE    BASE      LENGTH    RELOCATION   SEGMENT NAME
            -----------------------------------------------------

            * * * * * * *   D A T A   M E M O R Y   * * * * * * *
            REG     0000H     0008H     ABSOLUTE     "REG BANK 0"
            DATA    0008H     0002H     UNIT         ?DT?TEST
            IDATA   000AH     0001H     UNIT         ?STACK

            * * * * * * *   C O D E   M E M O R Y   * * * * * * *
            CODE    0000H     0003H     ABSOLUTE     
            CODE    0003H     0005H     UNIT         ?PR?MAIN?TEST
                    0008H     0003H                  *** GAP ***
            CODE    000BH     0003H     ABSOLUTE     
            CODE    000EH     0027H     UNIT         ?PR?TIMER0INTERRUPT?TEST
            CODE    0035H     0010H     UNIT         ?PR?INITTIMER0?TEST
            CODE    0045H     000CH     UNIT         ?C_C51STARTUP



OVERLAY MAP OF MODULE:   .\Objects\test (TEST)


SEGMENT
  +--> CALLED SEGMENT
---------------------
?C_C51STARTUP
  +--> ?PR?MAIN?TEST

?PR?MAIN?TEST
  +--> ?PR?INITTIMER0?TEST



SYMBOL TABLE OF MODULE:  .\Objects\test (TEST)

  VALUE           TYPE          NAME
  ----------------------------------

  -------         MODULE        TEST
  C:0000H         SYMBOL        _ICE_DUMMY_
  D:0090H         PUBLIC        P1
  D:00A0H         PUBLIC        P2
  D:00B0H         PUBLIC        P3
BL51 BANKED LINKER/LOCATER V6.22.2.0                                                  10/27/2020  18:38:29  PAGE 2


  B:00A8H.7       PUBLIC        EA
  C:000EH         PUBLIC        Timer0Interrupt
  D:00A8H         PUBLIC        IE
  D:00B8H         PUBLIC        IP
  C:0003H         PUBLIC        main
  D:0098H         PUBLIC        SCON
  D:0089H         PUBLIC        TMOD
  D:0088H         PUBLIC        TCON
  B:00A0H.0       PUBLIC        led
  B:00A8H.1       PUBLIC        ET0
  C:0035H         PUBLIC        InitTimer0
  D:008CH         PUBLIC        TH0
  D:008AH         PUBLIC        TL0
  B:0088H.4       PUBLIC        TR0
  D:00C8H         PUBLIC        T2CON
  D:00D0H         PUBLIC        PSW
  -------         PROC          INITTIMER0
  C:0035H         LINE#         9
  C:0035H         LINE#         10
  C:0035H         LINE#         11
  C:0038H         LINE#         12
  C:003BH         LINE#         13
  C:003EH         LINE#         14
  C:0040H         LINE#         15
  C:0042H         LINE#         16
  C:0044H         LINE#         17
  -------         ENDPROC       INITTIMER0
  -------         PROC          MAIN
  C:0003H         LINE#         19
  C:0003H         LINE#         20
  C:0003H         LINE#         21
  C:0006H         LINE#         22
  -------         ENDPROC       MAIN
  -------         PROC          TIMER0INTERRUPT
  -------         DO            
  D:0008H         SYMBOL        i
  -------         ENDDO         
  C:000EH         LINE#         25
  C:0012H         LINE#         28
  C:0015H         LINE#         29
  C:0018H         LINE#         30
  C:0020H         LINE#         31
  C:0028H         LINE#         32
  C:0028H         LINE#         33
  C:002EH         LINE#         34
  C:0030H         LINE#         35
  C:0030H         LINE#         36
  -------         ENDPROC       TIMER0INTERRUPT
  -------         ENDMOD        TEST

Program Size: data=11.0 xdata=0 code=78
LINK/LOCATE RUN COMPLETE.  0 WARNING(S),  0 ERROR(S)
